// Jest Snapshot v1, https://goo.gl/fbAQLP

exports[`security-alert-issues-bot creates a comment when an issue is opened 1`] = `
Object {
  "body": "
- Affected Package: [lodash](https://www.npmjs.com/package/lodash) < 4.17.5
- Fixed in [4.17.5](https://npmfs.com/package/lodash/4.17.5/)

**How to fix?**

Upgrade lodash to version 4.17.5 or later. For example:

\`\`\`
\\"dependencies\\": {
  \\"lodash\\": \\">=4.17.5\\"
}
\`\`\`

or…

\`\`\`
\\"devDependencies\\": {
  \\"lodash\\": \\">=4.17.5\\"
}
\`\`\`

## Details

- [CVE-2018-3721](https://nvd.nist.gov/vuln/detail/CVE-2018-3721)

",
  "labels": Array [
    "security",
  ],
  "title": "Vulnerability found in lodash < 4.17.5",
}
`;

exports[`security-alert-issues-bot creates new issue when receive repository_vulnerability_alert.create 1`] = `
Object {
  "body": "
- Affected Package: [lodash](https://www.npmjs.com/package/lodash) < 4.17.5
- Fixed in [4.17.5](https://npmfs.com/package/lodash/4.17.5/)

**How to fix?**

Upgrade lodash to version 4.17.5 or later. For example:

\`\`\`
\\"dependencies\\": {
  \\"lodash\\": \\">=4.17.5\\"
}
\`\`\`

or…

\`\`\`
\\"devDependencies\\": {
  \\"lodash\\": \\">=4.17.5\\"
}
\`\`\`

## Details

- [CVE-2018-3721](https://nvd.nist.gov/vuln/detail/CVE-2018-3721)

",
  "labels": Array [
    "security",
  ],
  "title": "Vulnerability found in lodash < 4.17.5",
}
`;
